Push event to branch main
Connecting to https://api.github.com using x-access-token/****** (“GitHub PAT for API access”)
Obtained api-gateway/Jenkinsfile from e80611ca2d54131d54b26b033f21d345a5574ccb
[Pipeline] Start of Pipeline
[Pipeline] node
Running on Jenkins in /var/lib/jenkins/workspace/api-gateway_main
[Pipeline] {
[Pipeline] stage
[Pipeline] { (Declarative: Checkout SCM)
[Pipeline] checkout
Selected Git installation does not exist. Using Default
The recommended git tool is: NONE
using credential github-api-token
Cloning the remote Git repository
Cloning with configured refspecs honoured and without tags
Cloning repository https://github.com/rouisskhawla/kubernetes-helm-deployment.git
 > git init /var/lib/jenkins/workspace/api-gateway_main # timeout=10
Fetching upstream changes from https://github.com/rouisskhawla/kubernetes-helm-deployment.git
 > git --version # timeout=10
 > git --version # 'git version 2.43.0'
using GIT_ASKPASS to set credentials “GitHub PAT for API access”
 > git fetch --no-tags --force --progress -- https://github.com/rouisskhawla/kubernetes-helm-deployment.git +refs/heads/main:refs/remotes/origin/main # timeout=10
 > git config remote.origin.url https://github.com/rouisskhawla/kubernetes-helm-deployment.git # timeout=10
 > git config --add remote.origin.fetch +refs/heads/main:refs/remotes/origin/main # timeout=10
Avoid second fetch
Checking out Revision e80611ca2d54131d54b26b033f21d345a5574ccb (main)
 > git config core.sparsecheckout # timeout=10
 > git checkout -f e80611ca2d54131d54b26b033f21d345a5574ccb # timeout=10
Commit message: "delete duplicate scm stage"
 > git rev-list --no-walk 58b2d0bbb929e7a5dfe783b772daee2d756c38e0 # timeout=10
[Pipeline] }
[Pipeline] // stage
[Pipeline] withEnv
[Pipeline] {
[Pipeline] withEnv
[Pipeline] {
[Pipeline] stage
[Pipeline] { (Build Maven)
[Pipeline] tool
[Pipeline] envVarsForTool
[Pipeline] tool
[Pipeline] envVarsForTool
[Pipeline] withEnv
[Pipeline] {
[Pipeline] dir
Running in /var/lib/jenkins/workspace/api-gateway_main/api-gateway
[Pipeline] {
[Pipeline] sh
+ mvn clean package -DskipTests
[INFO] Scanning for projects...
[INFO] 
[INFO] --< com.devops.microservices.api.gateway:com-devops-microservices-api-gateway >--
[INFO] Building com-devops-microservices-api-gateway 0.0.1-SNAPSHOT
[INFO]   from pom.xml
[INFO] --------------------------------[ jar ]---------------------------------
[INFO] 
[INFO] --- clean:3.2.0:clean (default-clean) @ com-devops-microservices-api-gateway ---
[INFO] 
[INFO] --- resources:3.3.1:resources (default-resources) @ com-devops-microservices-api-gateway ---
[INFO] Copying 3 resources from src/main/resources to target/classes
[INFO] Copying 0 resource from src/main/resources to target/classes
[INFO] 
[INFO] --- compiler:3.11.0:compile (default-compile) @ com-devops-microservices-api-gateway ---
[INFO] Changes detected - recompiling the module! :source
[INFO] Compiling 3 source files with javac [debug release 17] to target/classes
[INFO] 
[INFO] --- resources:3.3.1:testResources (default-testResources) @ com-devops-microservices-api-gateway ---
[INFO] skip non existing resourceDirectory /var/lib/jenkins/workspace/api-gateway_main/api-gateway/src/test/resources
[INFO] 
[INFO] --- compiler:3.11.0:testCompile (default-testCompile) @ com-devops-microservices-api-gateway ---
[INFO] No sources to compile
[INFO] 
[INFO] --- surefire:3.0.0:test (default-test) @ com-devops-microservices-api-gateway ---
[INFO] Tests are skipped.
[INFO] 
[INFO] --- jar:3.3.0:jar (default-jar) @ com-devops-microservices-api-gateway ---
[INFO] Building jar: /var/lib/jenkins/workspace/api-gateway_main/api-gateway/target/com-devops-microservices-api-gateway-0.0.1-SNAPSHOT.jar
[INFO] 
[INFO] --- spring-boot:3.1.4:repackage (repackage) @ com-devops-microservices-api-gateway ---
[INFO] Replacing main artifact /var/lib/jenkins/workspace/api-gateway_main/api-gateway/target/com-devops-microservices-api-gateway-0.0.1-SNAPSHOT.jar with repackaged archive, adding nested dependencies in BOOT-INF/.
[INFO] The original artifact has been renamed to /var/lib/jenkins/workspace/api-gateway_main/api-gateway/target/com-devops-microservices-api-gateway-0.0.1-SNAPSHOT.jar.original
[INFO] ------------------------------------------------------------------------
[INFO] BUILD SUCCESS
[INFO] ------------------------------------------------------------------------
[INFO] Total time:  16.431 s
[INFO] Finished at: 2026-01-11T17:23:15Z
[INFO] ------------------------------------------------------------------------
[Pipeline] }
[Pipeline] // dir
[Pipeline] }
[Pipeline] // withEnv
[Pipeline] }
[Pipeline] // stage
[Pipeline] stage
[Pipeline] { (Docker Build)
[Pipeline] dir
Running in /var/lib/jenkins/workspace/api-gateway_main/api-gateway
[Pipeline] {
[Pipeline] script
[Pipeline] {
[Pipeline] withEnv
[Pipeline] {
[Pipeline] withDockerRegistry
Using the existing docker config file.
Removing blacklisted property: auths
$ docker login -u khawlarouiss -p ******** https://index.docker.io/v1/
WARNING! Using --password via the CLI is insecure. Use --password-stdin.

WARNING! Your credentials are stored unencrypted in '/var/lib/jenkins/workspace/api-gateway_main/api-gateway@tmp/063cebed-048a-4974-93d8-ab5de6d51ae7/config.json'.
Configure a credential helper to remove this warning. See
https://docs.docker.com/go/credential-store/

Login Succeeded
[Pipeline] {
[Pipeline] isUnix
[Pipeline] withEnv
[Pipeline] {
[Pipeline] sh
+ docker build -t khawlarouiss/api-gateway:19 .
#0 building with "default" instance using docker driver

#1 [internal] load build definition from Dockerfile
#1 transferring dockerfile:
#1 transferring dockerfile: 206B 0.0s done
#1 DONE 0.1s

#2 [internal] load metadata for docker.io/library/eclipse-temurin:17-jdk-jammy
#2 ...

#3 [auth] library/eclipse-temurin:pull token for registry-1.docker.io
#3 DONE 0.0s

#2 [internal] load metadata for docker.io/library/eclipse-temurin:17-jdk-jammy
#2 DONE 1.9s

#4 [internal] load .dockerignore
#4 transferring context:
#4 transferring context: 2B done
#4 DONE 0.2s

#5 [1/2] FROM docker.io/library/eclipse-temurin:17-jdk-jammy@sha256:3b43b9984c60dbf042f0d921850ec1ddfb062ac1741e67f2b4904e336d84e4f0
#5 resolve docker.io/library/eclipse-temurin:17-jdk-jammy@sha256:3b43b9984c60dbf042f0d921850ec1ddfb062ac1741e67f2b4904e336d84e4f0
#5 resolve docker.io/library/eclipse-temurin:17-jdk-jammy@sha256:3b43b9984c60dbf042f0d921850ec1ddfb062ac1741e67f2b4904e336d84e4f0 0.3s done
#5 DONE 0.3s

#6 [internal] load build context
#6 transferring context: 55.79MB 0.9s done
#6 DONE 1.2s

#5 [1/2] FROM docker.io/library/eclipse-temurin:17-jdk-jammy@sha256:3b43b9984c60dbf042f0d921850ec1ddfb062ac1741e67f2b4904e336d84e4f0
#5 CACHED

#7 [2/2] COPY target/*.jar app.jar
#7 DONE 0.6s

#8 exporting to image
#8 exporting layers
#8 exporting layers 5.0s done
#8 exporting manifest sha256:84485de961237850a5f23e366e6a9714223486a999ac9b58b762068a6a1bfe40 0.1s done
#8 exporting config sha256:d6d4737d4a59c2692aa59e58e436c4e6b4e79fd1f9d75cc7acb2934d3e7fe611 0.1s done
#8 exporting attestation manifest sha256:abaaafc2f12c26c0cbc193a3c599103fbbe62d65b0e8d04fa0935da487994c80 0.1s done
#8 exporting manifest list sha256:e35dbfed901afb7a15ce675eba3f62f54a58e94b40d9ff2e59c7ec4218125ab9
#8 exporting manifest list sha256:e35dbfed901afb7a15ce675eba3f62f54a58e94b40d9ff2e59c7ec4218125ab9 0.1s done
#8 naming to docker.io/khawlarouiss/api-gateway:19 0.0s done
#8 unpacking to docker.io/khawlarouiss/api-gateway:19
#8 unpacking to docker.io/khawlarouiss/api-gateway:19 1.0s done
#8 DONE 6.5s
[Pipeline] }
[Pipeline] // withEnv
[Pipeline] }
[Pipeline] // withDockerRegistry
[Pipeline] }
[Pipeline] // withEnv
[Pipeline] }
[Pipeline] // script
[Pipeline] }
[Pipeline] // dir
[Pipeline] }
[Pipeline] // stage
[Pipeline] stage
[Pipeline] { (Docker Push)
[Pipeline] dir
Running in /var/lib/jenkins/workspace/api-gateway_main/api-gateway
[Pipeline] {
[Pipeline] script
[Pipeline] {
[Pipeline] withEnv
[Pipeline] {
[Pipeline] withDockerRegistry
Using the existing docker config file.
Removing blacklisted property: auths
$ docker login -u khawlarouiss -p ******** https://index.docker.io/v1/
WARNING! Using --password via the CLI is insecure. Use --password-stdin.

WARNING! Your credentials are stored unencrypted in '/var/lib/jenkins/workspace/api-gateway_main/api-gateway@tmp/1e328ff2-1c97-479f-a6a6-b3969a8b44b2/config.json'.
Configure a credential helper to remove this warning. See
https://docs.docker.com/go/credential-store/

Login Succeeded
[Pipeline] {
[Pipeline] isUnix
[Pipeline] withEnv
[Pipeline] {
[Pipeline] sh
+ docker tag khawlarouiss/api-gateway:19 index.docker.io/khawlarouiss/api-gateway:19
[Pipeline] }
[Pipeline] // withEnv
[Pipeline] isUnix
[Pipeline] withEnv
[Pipeline] {
[Pipeline] sh
+ docker push index.docker.io/khawlarouiss/api-gateway:19
The push refers to repository [docker.io/khawlarouiss/api-gateway]
2581bc3ff3b6: Waiting
847c126e4a96: Waiting
e5524e4743f8: Waiting
7e49dc6156b0: Waiting
e106dd8ed6ad: Waiting
f28a3134bb3a: Waiting
837687f10a1f: Waiting
7e49dc6156b0: Waiting
e106dd8ed6ad: Waiting
f28a3134bb3a: Waiting
837687f10a1f: Waiting
2581bc3ff3b6: Waiting
847c126e4a96: Waiting
e5524e4743f8: Waiting
837687f10a1f: Waiting
2581bc3ff3b6: Waiting
847c126e4a96: Waiting
e5524e4743f8: Waiting
7e49dc6156b0: Waiting
e106dd8ed6ad: Waiting
f28a3134bb3a: Waiting
847c126e4a96: Waiting
e5524e4743f8: Waiting
7e49dc6156b0: Waiting
e106dd8ed6ad: Waiting
f28a3134bb3a: Waiting
837687f10a1f: Waiting
2581bc3ff3b6: Waiting
847c126e4a96: Waiting
e5524e4743f8: Waiting
7e49dc6156b0: Waiting
e106dd8ed6ad: Waiting
f28a3134bb3a: Waiting
837687f10a1f: Waiting
2581bc3ff3b6: Waiting
847c126e4a96: Waiting
e5524e4743f8: Waiting
7e49dc6156b0: Waiting
e106dd8ed6ad: Waiting
f28a3134bb3a: Waiting
837687f10a1f: Waiting
2581bc3ff3b6: Waiting
e106dd8ed6ad: Waiting
f28a3134bb3a: Waiting
837687f10a1f: Waiting
2581bc3ff3b6: Waiting
847c126e4a96: Waiting
e5524e4743f8: Waiting
7e49dc6156b0: Waiting
847c126e4a96: Waiting
e5524e4743f8: Waiting
7e49dc6156b0: Waiting
e106dd8ed6ad: Waiting
f28a3134bb3a: Waiting
837687f10a1f: Waiting
2581bc3ff3b6: Waiting
f28a3134bb3a: Waiting
837687f10a1f: Waiting
2581bc3ff3b6: Waiting
847c126e4a96: Waiting
e5524e4743f8: Waiting
7e49dc6156b0: Waiting
e106dd8ed6ad: Waiting
847c126e4a96: Waiting
e5524e4743f8: Waiting
7e49dc6156b0: Waiting
e106dd8ed6ad: Waiting
f28a3134bb3a: Waiting
837687f10a1f: Waiting
2581bc3ff3b6: Waiting
847c126e4a96: Waiting
e5524e4743f8: Waiting
7e49dc6156b0: Waiting
e106dd8ed6ad: Waiting
f28a3134bb3a: Waiting
837687f10a1f: Waiting
2581bc3ff3b6: Waiting
7e49dc6156b0: Waiting
e106dd8ed6ad: Layer already exists
f28a3134bb3a: Layer already exists
837687f10a1f: Waiting
2581bc3ff3b6: Waiting
847c126e4a96: Waiting
e5524e4743f8: Waiting
7e49dc6156b0: Waiting
837687f10a1f: Waiting
2581bc3ff3b6: Waiting
847c126e4a96: Waiting
e5524e4743f8: Waiting
837687f10a1f: Waiting
2581bc3ff3b6: Waiting
847c126e4a96: Waiting
e5524e4743f8: Waiting
7e49dc6156b0: Waiting
837687f10a1f: Waiting
2581bc3ff3b6: Layer already exists
847c126e4a96: Waiting
e5524e4743f8: Waiting
7e49dc6156b0: Waiting
847c126e4a96: Waiting
e5524e4743f8: Waiting
7e49dc6156b0: Waiting
837687f10a1f: Layer already exists
7e49dc6156b0: Layer already exists
847c126e4a96: Waiting
e5524e4743f8: Waiting
847c126e4a96: Waiting
e5524e4743f8: Waiting
e5524e4743f8: Waiting
847c126e4a96: Waiting
847c126e4a96: Pushed
e5524e4743f8: Pushed
19: digest: sha256:e35dbfed901afb7a15ce675eba3f62f54a58e94b40d9ff2e59c7ec4218125ab9 size: 856
[Pipeline] }
[Pipeline] // withEnv
[Pipeline] isUnix
[Pipeline] withEnv
[Pipeline] {
[Pipeline] sh
+ docker tag khawlarouiss/api-gateway:19 index.docker.io/khawlarouiss/api-gateway:latest
[Pipeline] }
[Pipeline] // withEnv
[Pipeline] isUnix
[Pipeline] withEnv
[Pipeline] {
[Pipeline] sh
+ docker push index.docker.io/khawlarouiss/api-gateway:latest
The push refers to repository [docker.io/khawlarouiss/api-gateway]
847c126e4a96: Waiting
e5524e4743f8: Waiting
7e49dc6156b0: Waiting
e106dd8ed6ad: Waiting
f28a3134bb3a: Waiting
837687f10a1f: Waiting
2581bc3ff3b6: Waiting
7e49dc6156b0: Waiting
e106dd8ed6ad: Waiting
f28a3134bb3a: Waiting
837687f10a1f: Waiting
2581bc3ff3b6: Waiting
847c126e4a96: Waiting
e5524e4743f8: Waiting
f28a3134bb3a: Waiting
837687f10a1f: Waiting
2581bc3ff3b6: Waiting
847c126e4a96: Waiting
e5524e4743f8: Waiting
7e49dc6156b0: Waiting
e106dd8ed6ad: Waiting
2581bc3ff3b6: Waiting
847c126e4a96: Waiting
e5524e4743f8: Waiting
7e49dc6156b0: Waiting
e106dd8ed6ad: Waiting
f28a3134bb3a: Waiting
837687f10a1f: Waiting
f28a3134bb3a: Waiting
837687f10a1f: Waiting
2581bc3ff3b6: Waiting
847c126e4a96: Waiting
e5524e4743f8: Waiting
7e49dc6156b0: Waiting
e106dd8ed6ad: Waiting
7e49dc6156b0: Waiting
e106dd8ed6ad: Waiting
f28a3134bb3a: Waiting
837687f10a1f: Waiting
2581bc3ff3b6: Waiting
847c126e4a96: Waiting
e5524e4743f8: Waiting
2581bc3ff3b6: Waiting
847c126e4a96: Waiting
e5524e4743f8: Waiting
7e49dc6156b0: Waiting
e106dd8ed6ad: Waiting
f28a3134bb3a: Waiting
837687f10a1f: Waiting
e106dd8ed6ad: Waiting
f28a3134bb3a: Layer already exists
837687f10a1f: Waiting
2581bc3ff3b6: Waiting
847c126e4a96: Waiting
e5524e4743f8: Waiting
7e49dc6156b0: Layer already exists
837687f10a1f: Waiting
2581bc3ff3b6: Waiting
847c126e4a96: Waiting
e5524e4743f8: Waiting
e106dd8ed6ad: Waiting
837687f10a1f: Waiting
2581bc3ff3b6: Waiting
847c126e4a96: Waiting
e5524e4743f8: Waiting
e106dd8ed6ad: Waiting
847c126e4a96: Waiting
e5524e4743f8: Waiting
e106dd8ed6ad: Waiting
837687f10a1f: Waiting
2581bc3ff3b6: Waiting
e5524e4743f8: Layer already exists
e106dd8ed6ad: Waiting
837687f10a1f: Waiting
2581bc3ff3b6: Waiting
847c126e4a96: Waiting
e106dd8ed6ad: Waiting
837687f10a1f: Layer already exists
2581bc3ff3b6: Layer already exists
847c126e4a96: Waiting
847c126e4a96: Already exists
e106dd8ed6ad: Layer already exists
latest: digest: sha256:e35dbfed901afb7a15ce675eba3f62f54a58e94b40d9ff2e59c7ec4218125ab9 size: 856
[Pipeline] }
[Pipeline] // withEnv
[Pipeline] }
[Pipeline] // withDockerRegistry
[Pipeline] }
[Pipeline] // withEnv
[Pipeline] }
[Pipeline] // script
[Pipeline] }
[Pipeline] // dir
[Pipeline] }
[Pipeline] // stage
[Pipeline] stage
[Pipeline] { (Declarative: Post Actions)
[Pipeline] echo
Build finished with status: SUCCESS
[Pipeline] cleanWs
[WS-CLEANUP] Deleting project workspace...
[WS-CLEANUP] Deferred wipeout is used...
[WS-CLEANUP] done
[Pipeline] }
[Pipeline] // stage
[Pipeline] }
[Pipeline] // withEnv
[Pipeline] }
[Pipeline] // withEnv
[Pipeline] }
[Pipeline] // node
[Pipeline] End of Pipeline

GitHub has been notified of this commit’s build result

Finished: SUCCESS
